This doctest checks a function that adds 2 integers.
Import the module
>>> add_integer = __import__('0-add_integer').add_integer
>>> print(add_integer(1, 2))
3
>>> print(add_integer(100, -2))
98
>>> print(add_integer(2))
100
>>> print(add_integer(100.3, -2))
98
>>> try:
...     print(add_integer(4, "School"))
... except Exception as e:
...     print(e)
...
b must be an integer
>>> try:
...     print(add_integer(None))
... except Exception as e:
...     print(e)
...
a must be an integer
>>> add_integer("Hello")
Traceback (most recent call last):
    raise TypeError("a must be an integer")
TypeError: a must be an integer
>>>
